Microchip MPLAB XC8 Compiler V2.40

Linker command line:

-W-3 \
  --edf=C:\Program Files\Microchip\xc8\v2.40\pic\dat\20220703182018_en.msgs \
  -cn -h+dist/default/production\Proyecto_2_1.X.production.sym \
  --cmf=dist/default/production\Proyecto_2_1.X.production.cmf -z -Q16F887 \
  -oC:\Users\Pablo\AppData\Local\Temp\xcAsau0.4 --defsym=__MPLAB_BUILD=1 \
  --fixupoverflow=error \
  -Mdist/default/production/Proyecto_2_1.X.production.map \
  --md=C:\Users\Pablo\AppData\Local\Temp\xcAsau0.dat -E1 -ver=XC8 Compiler \
  --acfsm=1493 -ACODE=00h-07FFhx4 -ASTRCODE=00h-01FFFh -ASTRING=00h-0FFhx32 \
  -ACONST=00h-0FFhx32 -AENTRY=00h-0FFhx32 -ACOMMON=070h-07Fh \
  -ABANK0=020h-06Fh -ABANK1=0A0h-0EFh -ABANK2=0110h-016Fh \
  -ABANK3=0190h-01EFh -ARAM=020h-06Fh,0A0h-0EFh,0110h-016Fh,0190h-01EFh \
  -AABS1=020h-07Fh,0A0h-0EFh,0110h-016Fh,0190h-01EFh -ASFR0=00h-01Fh \
  -ASFR1=080h-09Fh -ASFR2=0100h-010Fh -ASFR3=0180h-018Fh \
  -ACONFIG=02007h-02008h -DCONFIG=2 -AIDLOC=02000h-02003h -DIDLOC=2 \
  -AEEDATA=00h-0FFh/02100h -peeprom_data=EEDATA -DEEDATA=2 -DCODE=2 \
  -DSTRCODE=2 -DSTRING=2 -DCONST=2 -DENTRY=2 \
  -preset_vec=00h,intentry=04h,init,end_init -ppowerup=CODE -pcinit=CODE \
  -pfunctab=ENTRY -k C:\Users\Pablo\AppData\Local\Temp\xcAsau0.o \
  dist/default/production\Proyecto_2_1.X.production.o 

Object code version is 3.11

Machine type is 16F887



                Name                               Link     Load   Length Selector   Space Scale
C:\Users\Pablo\AppData\Local\Temp\xcAsau0.o
                end_init                              E        E        3        8       0
                reset_vec                             0        0        3        0       0
                config                             2007     2007        2        0       4
                idloc                              2000     2000        4        0       5
dist/default/production\Proyecto_2_1.X.production.o
                cinit                                11       11       11        8       0
                intentry                              4        4        A        8       0
                config                             2007     2007        2        0       4
                idloc                              2000     2000        4        0       5
                text14                              4F6      4F6       17        8       0
                text13                              289      289       A9        8       0
                text12                              332      332       69        8       0
                text11                              470      470       27        8       0
                text10                              43B      43B       35        8       0
                text9                                22       22      146        8       0
                text8                               4DB      4DB       1B        8       0
                text7                               51F      51F        E        8       0
                text6                               39B      39B       68        8       0
                text5                               4B9      4B9       22        8       0
                text4                               50D      50D       12        8       0
                text3                               403      403       38        8       0
                text2                               52D      52D        C        8       0
                text1                               497      497       22        8       0
                maintext                            168      168      121        8       0
                cstackBANK0                          20       20       24       20       1
                cstackCOMMON                         70       70        5       70       1
                clrtext                             539      539        8        8       0
                bssBANK0                             44       44       10       20       1
                bssCOMMON                            75       75        4       70       1

TOTAL           Name                               Link     Load   Length     Space
        CLASS   CODE           
                end_init                              E        E        3         0
                cinit                                11       11       11         0
                intentry                              4        4        A         0
                reset_vec                             0        0        3         0
                text14                              4F6      4F6       17         0
                text13                              289      289       A9         0
                text12                              332      332       69         0
                text11                              470      470       27         0
                text10                              43B      43B       35         0
                text9                                22       22      146         0
                text8                               4DB      4DB       1B         0
                text7                               51F      51F        E         0
                text6                               39B      39B       68         0
                text5                               4B9      4B9       22         0
                text4                               50D      50D       12         0
                text3                               403      403       38         0
                text2                               52D      52D        C         0
                text1                               497      497       22         0
                maintext                            168      168      121         0
                clrtext                             539      539        8         0

        CLASS   STRCODE        

        CLASS   STRING         

        CLASS   CONST          

        CLASS   ENTRY          

        CLASS   COMMON         
                cstackCOMMON                         70       70        5         1
                bssCOMMON                            75       75        4         1

        CLASS   BANK0          
                cstackBANK0                          20       20       24         1
                bssBANK0                             44       44       10         1

        CLASS   BANK1          

        CLASS   BANK2          

        CLASS   BANK3          

        CLASS   RAM            

        CLASS   ABS1           
                abs_s1                               7E       7E        2         1

        CLASS   SFR0           

        CLASS   SFR1           

        CLASS   SFR2           

        CLASS   SFR3           

        CLASS   CONFIG         
                config                             2007     2007        2         4

        CLASS   IDLOC          
                idloc                              2000     2000        4         5

        CLASS   EEDATA         

        CLASS   STACK          



SEGMENTS        Name                           Load    Length   Top    Selector   Space  Class     Delta

                reset_vec                      000000  000003  000003         0       0  CODE        2
                intentry                       000004  00053D  000541         8       0  CODE        2
                cstackBANK0                    000020  000034  000054        20       1  BANK0       1
                cstackCOMMON                   000070  000009  000079        70       1  COMMON      1


UNUSED ADDRESS RANGES

        Name                Unused          Largest block    Delta
        BANK0            0054-006F             1C           1
        BANK1            00A0-00EF             50           1
        BANK2            0110-016F             60           1
        BANK3            0190-01EF             60           1
        CODE             0003-0003              1           2
                         0541-1FFF            800
        COMMON           0079-007D              5           1
        CONST            0003-0003              1           2
                         0541-1FFF            100
        EEDATA           2100-21FF            100           2
        ENTRY            0003-0003              1           2
                         0541-1FFF            100
        RAM              0054-006F             1C           1
                         00A0-00EF             50
                         0110-016F             60
                         0190-01EF             60
        SFR0             0000-001F             20           1
        SFR1             0080-009F             20           1
        SFR2             0100-010F             10           1
        SFR3             0180-018F             10           1
        STRCODE          0003-0003              1           2
                         0541-1FFF           1ABF
        STRING           0003-0003              1           2
                         0541-1FFF            100

                                  Symbol Table

?___awdiv                cstackBANK0  0026
?___wmul                 cstackBANK0  0020
?_mapeo                  cstackBANK0  002F
_ADCON0bits              (abs)        001F
_ADCON1bits              (abs)        009F
_ADIF                    (abs)        0066
_ADRESH                  (abs)        001E
_ANSELH                  (abs)        0189
_ANSELbits               (abs)        0188
_B4Flag                  bssBANK0     0044
_CCP1CON                 (abs)        0017
_CCP1CONbits             (abs)        0017
_CCP2CON                 (abs)        001D
_CCP2CONbits             (abs)        001D
_CCPR1L                  (abs)        0015
_CCPR2L                  (abs)        001B
_EEADR                   (abs)        010D
_EECON1bits              (abs)        018C
_EECON2                  (abs)        018D
_EEDAT                   (abs)        010C
_HIGHpulse0              bssBANK0     004A
_HIGHpulse1              bssBANK0     0048
_INTCONbits              (abs)        000B
_IOCB                    (abs)        0096
_OPTION_REGbits          (abs)        0081
_OSCCONbits              (abs)        008F
_PORTAbits               (abs)        0005
_PORTBbits               (abs)        0006
_PORTC                   (abs)        0007
_PORTCbits               (abs)        0007
_PORTD                   (abs)        0008
_PR2                     (abs)        0092
_RD                      (abs)        0C60
_T2CONbits               (abs)        0012
_TMR0                    (abs)        0001
_TMR2IF                  (abs)        0061
_TMR2ON                  (abs)        0092
_TRISAbits               (abs)        0085
_TRISB                   (abs)        0086
_TRISC                   (abs)        0087
_TRISCbits               (abs)        0087
_TRISD                   (abs)        0088
_WPUB                    (abs)        0095
_WR                      (abs)        0C61
__Habs1                  abs1         0000
__Hbank0                 bank0        0000
__Hbank1                 bank1        0000
__Hbank2                 bank2        0000
__Hbank3                 bank3        0000
__HbssBANK0              bssBANK0     0000
__HbssCOMMON             bssCOMMON    0000
__Hcinit                 cinit        0022
__Hclrtext               clrtext      0000
__Hcode                  code         0000
__Hcommon                common       0000
__Hconfig                config       2009
__HcstackBANK0           cstackBANK0  0000
__HcstackCOMMON          cstackCOMMON 0000
__Heeprom_data           eeprom_data  0000
__Hend_init              end_init     0011
__Hfunctab               functab      0000
__Hidloc                 idloc        2004
__Hinit                  init         000E
__Hintentry              intentry     000E
__Hmaintext              maintext     0000
__Hpowerup               powerup      0000
__Hram                   ram          0000
__Hreset_vec             reset_vec    0003
__Hsfr0                  sfr0         0000
__Hsfr1                  sfr1         0000
__Hsfr2                  sfr2         0000
__Hsfr3                  sfr3         0000
__Hspace_0               (abs)        0541
__Hspace_1               (abs)        0079
__Hspace_2               (abs)        0000
__Hspace_3               (abs)        0000
__Hspace_4               (abs)        4010
__Hstack                 stack        0000
__Hstrings               strings      0000
__Htext                  text         0000
__Labs1                  abs1         0000
__Lbank0                 bank0        0000
__Lbank1                 bank1        0000
__Lbank2                 bank2        0000
__Lbank3                 bank3        0000
__LbssBANK0              bssBANK0     0000
__LbssCOMMON             bssCOMMON    0000
__Lcinit                 cinit        0011
__Lclrtext               clrtext      0000
__Lcode                  code         0000
__Lcommon                common       0000
__Lconfig                config       0000
__LcstackBANK0           cstackBANK0  0000
__LcstackCOMMON          cstackCOMMON 0000
__Leeprom_data           eeprom_data  0000
__Lend_init              end_init     000E
__Lfunctab               functab      0000
__Lidloc                 idloc        0000
__Linit                  init         000E
__Lintentry              intentry     0004
__Lmaintext              maintext     0000
__Lpowerup               powerup      0000
__Lram                   ram          0000
__Lreset_vec             reset_vec    0000
__Lsfr0                  sfr0         0000
__Lsfr1                  sfr1         0000
__Lsfr2                  sfr2         0000
__Lsfr3                  sfr3         0000
__Lspace_0               (abs)        0000
__Lspace_1               (abs)        0000
__Lspace_2               (abs)        0000
__Lspace_3               (abs)        0000
__Lspace_4               (abs)        0000
__Lstack                 stack        0000
__Lstrings               strings      0000
__Ltext                  text         0000
__S0                     (abs)        0541
__S1                     (abs)        0079
__S3                     (abs)        0000
___awdiv                 text12       0332
___awdiv@counter         cstackBANK0  002B
___awdiv@dividend        cstackBANK0  0028
___awdiv@divisor         cstackBANK0  0026
___awdiv@quotient        cstackBANK0  002D
___awdiv@sign            cstackBANK0  002C
___int_sp                stack        0000
___latbits               (abs)        0002
___sp                    stack        0000
___stackhi               (abs)        0000
___stacklo               (abs)        0000
___wmul                  text11       0470
___wmul@multiplicand     cstackBANK0  0022
___wmul@multiplier       cstackBANK0  0020
___wmul@product          cstackBANK0  0024
__end_of___awdiv         text12       039B
__end_of___wmul          text11       0497
__end_of__initialization cinit        001E
__end_of_hightime        text14       050D
__end_of_isr             text13       0332
__end_of_main            maintext     0289
__end_of_mapeo           text10       0470
__end_of_modomanual      text9        0168
__end_of_read_EEPROM     text8        04F6
__end_of_setup           text7        052D
__end_of_setupINTOSC     text6        0403
__end_of_setupPWM        text5        04DB
__end_of_setupTMR0       text4        051F
__end_of_setup_ADC       text3        043B
__end_of_setup_portb     text2        0539
__end_of_write_EEPROM    text1        04B9
__initialization         cinit        0011
__pbssBANK0              bssBANK0     0044
__pbssCOMMON             bssCOMMON    0075
__pcstackBANK0           cstackBANK0  0020
__pcstackCOMMON          cstackCOMMON 0070
__pintentry              intentry     0004
__pmaintext              maintext     0168
__ptext1                 text1        0497
__ptext10                text10       043B
__ptext11                text11       0470
__ptext12                text12       0332
__ptext13                text13       0289
__ptext14                text14       04F6
__ptext2                 text2        052D
__ptext3                 text3        0403
__ptext4                 text4        050D
__ptext5                 text5        04B9
__ptext6                 text6        039B
__ptext7                 text7        051F
__ptext8                 text8        04DB
__ptext9                 text9        0022
_cont                    bssBANK0     0046
_hightime                text14       04F6
_isr                     text13       0289
_main                    maintext     0168
_mapeo                   text10       043B
_modo                    bssCOMMON    0077
_modomanual              text9        0022
_pos                     bssCOMMON    0075
_read_EEPROM             text8        04DB
_setup                   text7        051F
_setupINTOSC             text6        039B
_setupPWM                text5        04B9
_setupTMR0               text4        050D
_setup_ADC               text3        0403
_setup_portb             text2        052D
_v1PWM                   bssBANK0     0052
_v2PWM                   bssBANK0     0050
_vPWMh                   bssBANK0     004C
_vPWMl                   bssBANK0     004E
_write_EEPROM            text1        0497
btemp                    (abs)        007E
clear_ram0               clrtext      0539
end_of_initialization    cinit        001E
hightime@tdelay          cstackCOMMON 0070
interrupt_function       intentry     0004
intlevel0                functab      0000
intlevel1                functab      0000
intlevel2                functab      0000
intlevel3                functab      0000
intlevel4                functab      0000
intlevel5                functab      0000
main@addr                cstackBANK0  0040
main@addr_364            cstackBANK0  0042
mapeo@inmax              cstackBANK0  0033
mapeo@inmin              cstackBANK0  0031
mapeo@outmax             cstackBANK0  0037
mapeo@outmin             cstackBANK0  0035
mapeo@resultado          cstackBANK0  0039
mapeo@valor              cstackBANK0  002F
read_EEPROM@address      cstackBANK0  0020
reset_vec                reset_vec    0000
saved_w                  (abs)        007E
setupINTOSC@IRCF         cstackBANK0  0020
start                    init         000E
start_initialization     cinit        0011
write_EEPROM@address     cstackBANK0  0021
write_EEPROM@data        cstackBANK0  0020
wtemp0                   (abs)        007E


MODULE INFORMATION

Module		Function		Class		Link	Load	Size
setupPWM.c
		_setupPWM      		CODE           	04B9	0000	34

setupPWM.c estimated size: 34

C:\Program Files\Microchip\xc8\v2.40\pic\sources\c90\common\awdiv.c
		___awdiv       		CODE           	0332	0000	105

C:\Program Files\Microchip\xc8\v2.40\pic\sources\c90\common\awdiv.c estimated size: 105

setupADC.c
		_setup_ADC     		CODE           	0403	0000	56

setupADC.c estimated size: 56

oscilador.c
		_setupINTOSC   		CODE           	039B	0000	104

oscilador.c estimated size: 104

C:\Program Files\Microchip\xc8\v2.40\pic\sources\c90\common\Umul16.c
		___wmul        		CODE           	0470	0000	39

C:\Program Files\Microchip\xc8\v2.40\pic\sources\c90\common\Umul16.c estimated size: 39

shared
		__initialization		CODE           	0011	0000	13

shared estimated size: 13

main.c
		_modomanual    		CODE           	0022	0000	326
		_main          		CODE           	0168	0000	289
		_setup_portb   		CODE           	052D	0000	12
		_isr           		CODE           	0289	0000	169
		_setupTMR0     		CODE           	050D	0000	18
		_setup         		CODE           	051F	0000	14
		_read_EEPROM   		CODE           	04DB	0000	27
		_write_EEPROM  		CODE           	0497	0000	34
		_hightime      		CODE           	04F6	0000	23
		_mapeo         		CODE           	043B	0000	53

main.c estimated size: 965

